
> anime-bias@0.1.0 build
> next build

??Next.js 16.1.5 (Turbopack)
- Environments: .env.local

  Creating an optimized production build ...
??Compiled successfully in 2.5s
  Running TypeScript ...
  Collecting page data using 11 workers ...
  Generating static pages using 11 workers (0/5) ...
  Generating static pages using 11 workers (1/5) 
  Generating static pages using 11 workers (2/5) 
  Generating static pages using 11 workers (3/5) 
??Generating static pages using 11 workers (5/5) in 817.3ms
  Finalizing page optimization ...

Route (app)
????/
????/_not-found
????/studio-panel-x9z2


?? (Static)  prerendered as static content

